// Jest Snapshot v1, https://goo.gl/fbAQLP

exports[`<Item/> renders a component that matches the snapshot 1`] = `
<ItemStyles__Item>
  <img
    alt="A fake item"
    src="shoe.jpg"
  />
  <Title>
    <Link
      href={
        Object {
          "pathname": "/item",
          "query": Object {
            "id": "ABC123",
          },
        }
      }
    >
      <a>
        A fake item
      </a>
    </Link>
  </Title>
  <PriceTag>
    $10
  </PriceTag>
  <p>
    This is a fake item
  </p>
  <div
    className="buttonList"
  >
    <Link
      href={
        Object {
          "pathname": "update",
          "query": Object {
            "id": "ABC123",
          },
        }
      }
    >
      <a>
        Edit ✏️
      </a>
    </Link>
    <AddToCart
      id="ABC123"
    />
    <DeleteItem
      id="ABC123"
    >
      Delete this item
    </DeleteItem>
  </div>
</ItemStyles__Item>
`;
