// Jest Snapshot v1, https://goo.gl/fbAQLP

exports[`<Pagination /> shows a single item when there are 18 elements 1`] = `
<div
  className="PaginationStyles-aduuar-0 ewJsCc"
  data-test="pagination"
>
  <SideEffect(Head)>
    <Head />
  </SideEffect(Head)>
  <Link
    href={
      Object {
        "pathname": "items",
        "query": Object {
          "page": 0,
        },
      }
    }
  >
    <a
      aria-disabled={true}
      className="prev"
      href="items?page=0"
      onClick={[Function]}
    >
      Prev
    </a>
  </Link>
  <p>
    1
      of 
    <span
      className="total-pages"
    >
      5
    </span>
  </p>
  <p>
    18
      items total
  </p>
  <Link
    href={
      Object {
        "pathname": "items",
        "query": Object {
          "page": 2,
        },
      }
    }
  >
    <a
      aria-disabled={false}
      className="next"
      href="items?page=2"
      onClick={[Function]}
    >
      Next
    </a>
  </Link>
</div>
`;
